<img src="cache/images/1036609390_lead_source_by_outcome_en_us_693535944.png" border="0" usemap="#cache/images/1036609390_lead_source_by_outcome_en_us_693535944.png">
<map name="cache/images/1036609390_lead_source_by_outcome_en_us_693535944.png">
	<area shape="rect" coords="110,100,375,120" href="index.php?module=Potentials&action=ListView&leadsource=Existing+Customer&sales_stage=Other&query=true&type=dbrd&owner=Super Admin&viewname=10" alt="Super Admin - 2 opportunities where outcome is Other" title="Super Admin - 2 opportunities where outcome is Other">
	<area shape="rect" coords="110,222,331,242" href="index.php?module=Potentials&action=ListView&leadsource=Public+Relations&sales_stage=Other&query=true&type=dbrd&owner=Super Admin&viewname=10" alt="Super Admin - 1 opportunities where outcome is Other" title="Super Admin - 1 opportunities where outcome is Other">
	<area shape="rect" coords="110,282,441,302" href="index.php?module=Potentials&action=ListView&leadsource=Conference&sales_stage=Other&query=true&type=dbrd&owner=Super Admin&viewname=10" alt="Super Admin - 1 opportunities where outcome is Other" title="Super Admin - 1 opportunities where outcome is Other">
	<area shape="rect" coords="110,313,441,333" href="index.php?module=Potentials&action=ListView&leadsource=Trade+Show&sales_stage=Other&query=true&type=dbrd&owner=Super Admin&viewname=10" alt="Super Admin - 1 opportunities where outcome is Other" title="Super Admin - 1 opportunities where outcome is Other">
	<area shape="rect" coords="375,100,596,120" href="index.php?module=Potentials&action=ListView&leadsource=Existing+Customer&sales_stage=Closed+Won&query=true&type=dbrd&owner=Super Admin&viewname=10" alt="Super Admin - 1 opportunities where outcome is Closed Won" title="Super Admin - 1 opportunities where outcome is Closed Won">
	<area shape="rect" coords="110,131,441,151" href="index.php?module=Potentials&action=ListView&leadsource=Self+Generated&sales_stage=Closed+Won&query=true&type=dbrd&owner=Super Admin&viewname=10" alt="Super Admin - 1 opportunities where outcome is Closed Won" title="Super Admin - 1 opportunities where outcome is Closed Won">
	<area shape="rect" coords="110,252,486,272" href="index.php?module=Potentials&action=ListView&leadsource=Direct+Mail&sales_stage=Closed+Won&query=true&type=dbrd&owner=Super Admin&viewname=10" alt="Super Admin - 2 opportunities where outcome is Closed Won" title="Super Admin - 2 opportunities where outcome is Closed Won">
	<area shape="rect" coords="441,313,773,333" href="index.php?module=Potentials&action=ListView&leadsource=Trade+Show&sales_stage=Closed+Won&query=true&type=dbrd&owner=Super Admin&viewname=10" alt="Super Admin - 1 opportunities where outcome is Closed Won" title="Super Admin - 1 opportunities where outcome is Closed Won">
</map>