<img src="cache/images/1036609390_outcome_by_month_en_us_957285009.png" border="0" usemap="#cache/images/1036609390_outcome_by_month_en_us_957285009.png">
<map name="cache/images/1036609390_outcome_by_month_en_us_957285009.png">
	<area shape="rect" coords="51,212,98,438" href="index.php?module=Potentials&action=ListView&date_closed=2006-01&sales_stage=Other&query=true&type=dbrd&owner=Super Admin&viewname=10" alt="Super Admin - 1 opportunities where outcome is Other" title="Super Admin - 1 opportunities where outcome is Other">
	<area shape="rect" coords="271,182,318,438" href="index.php?module=Potentials&action=ListView&date_closed=2006-03&sales_stage=Other&query=true&type=dbrd&owner=Super Admin&viewname=10" alt="Super Admin - 2 opportunities where outcome is Other" title="Super Admin - 2 opportunities where outcome is Other">
	<area shape="rect" coords="381,287,428,438" href="index.php?module=Potentials&action=ListView&date_closed=2006-06&sales_stage=Other&query=true&type=dbrd&owner=Super Admin&viewname=10" alt="Super Admin - 1 opportunities where outcome is Other" title="Super Admin - 1 opportunities where outcome is Other">
	<area shape="rect" coords="491,287,538,438" href="index.php?module=Potentials&action=ListView&date_closed=2006-07&sales_stage=Other&query=true&type=dbrd&owner=Super Admin&viewname=10" alt="Super Admin - 1 opportunities where outcome is Other" title="Super Admin - 1 opportunities where outcome is Other">
	<area shape="rect" coords="161,212,208,438" href="index.php?module=Potentials&action=ListView&date_closed=2006-02&sales_stage=Closed+Won&query=true&type=dbrd&owner=Super Admin&viewname=10" alt="Super Admin - 1 opportunities where outcome is Closed Won" title="Super Admin - 1 opportunities where outcome is Closed Won">
	<area shape="rect" coords="491,61,538,287" href="index.php?module=Potentials&action=ListView&date_closed=2006-07&sales_stage=Closed+Won&query=true&type=dbrd&owner=Super Admin&viewname=10" alt="Super Admin - 1 opportunities where outcome is Closed Won" title="Super Admin - 1 opportunities where outcome is Closed Won">
	<area shape="rect" coords="601,61,648,438" href="index.php?module=Potentials&action=ListView&date_closed=2006-08&sales_stage=Closed+Won&query=true&type=dbrd&owner=Super Admin&viewname=10" alt="Super Admin - 2 opportunities where outcome is Closed Won" title="Super Admin - 2 opportunities where outcome is Closed Won">
	<area shape="rect" coords="711,408,758,438" href="index.php?module=Potentials&action=ListView&date_closed=2006-09&sales_stage=Closed+Won&query=true&type=dbrd&owner=Super Admin&viewname=10" alt="Super Admin - 1 opportunities where outcome is Closed Won" title="Super Admin - 1 opportunities where outcome is Closed Won">
</map>