<img src="cache/images/3251416282_pipeline_by_lead_source_en_us_693535944.png" border="0" usemap="#cache/images/3251416282_pipeline_by_lead_source_en_us_693535944.png">
<map name="cache/images/3251416282_pipeline_by_lead_source_en_us_693535944.png">
	<area shape="polygon" coords="424,238,577,238,556,314,500,370,471,383" href="index.php?module=Potentials&action=ListView&leadsource=Existing+Customer&query=true&type=dbrd&viewname=10" alt="3 opportunities where lead source is Existing Customer	" title="3 opportunities where lead source is Existing Customer	">
	<area shape="polygon" coords="424,238,471,383,392,387,343,368" href="index.php?module=Potentials&action=ListView&leadsource=Self+Generated&query=true&type=dbrd&viewname=10" alt="1 opportunities where lead source is Self Generated	" title="1 opportunities where lead source is Self Generated	">
	<area shape="polygon" coords="424,238,343,368,289,310,286,303" href="index.php?module=Potentials&action=ListView&leadsource=Public+Relations&query=true&type=dbrd&viewname=10" alt="1 opportunities where lead source is Public Relations	" title="1 opportunities where lead source is Public Relations	">
	<area shape="polygon" coords="424,238,286,303,272,225,293,159" href="index.php?module=Potentials&action=ListView&leadsource=Direct+Mail&query=true&type=dbrd&viewname=10" alt="2 opportunities where lead source is Direct Mail	" title="2 opportunities where lead source is Direct Mail	">
	<area shape="polygon" coords="424,238,293,159,350,104,397,88" href="index.php?module=Potentials&action=ListView&leadsource=Conference&query=true&type=dbrd&viewname=10" alt="1 opportunities where lead source is Conference	" title="1 opportunities where lead source is Conference	">
	<area shape="polygon" coords="424,238,397,88,476,94,541,140,574,211,577,238" href="index.php?module=Potentials&action=ListView&leadsource=Trade+Show&query=true&type=dbrd&viewname=10" alt="2 opportunities where lead source is Trade Show	" title="2 opportunities where lead source is Trade Show	">
</map>