<img src="cache/images/3510096238_pipeline_en_us_38012537062001-01-012100-01-01.png" border="0" usemap="#cache/images/3510096238_pipeline_en_us_38012537062001-01-012100-01-01.png">
<map name="cache/images/3510096238_pipeline_en_us_38012537062001-01-012100-01-01.png">
	<area shape="rect" coords="138,120,417,147" href="index.php?module=Potentials&action=ListView&sales_stage=Needs+Analysis&closingdate_start=2001-01-01&closingdate_end=2100-01-01&query=true&type=dbrd&owner= Administrator&viewname=10" alt=" Administrator - 2 opportunities where sales stage is Needs Analysis" title=" Administrator - 2 opportunities where sales stage is Needs Analysis">
	<area shape="rect" coords="138,159,305,186" href="index.php?module=Potentials&action=ListView&sales_stage=Value+Proposition&closingdate_start=2001-01-01&closingdate_end=2100-01-01&query=true&type=dbrd&owner= Administrator&viewname=10" alt=" Administrator - 1 opportunities where sales stage is Value Propositions" title=" Administrator - 1 opportunities where sales stage is Value Propositions">
	<area shape="rect" coords="138,198,272,226" href="index.php?module=Potentials&action=ListView&sales_stage=Id.+Decision+Makers&closingdate_start=2001-01-01&closingdate_end=2100-01-01&query=true&type=dbrd&owner= Administrator&viewname=10" alt=" Administrator - 2 opportunities where sales stage is Id. Decision Makers" title=" Administrator - 2 opportunities where sales stage is Id. Decision Makers">
	<area shape="rect" coords="138,356,776,383" href="index.php?module=Potentials&action=ListView&sales_stage=Closed+Won&closingdate_start=2001-01-01&closingdate_end=2100-01-01&query=true&type=dbrd&owner= Administrator&viewname=10" alt=" Administrator - 5 opportunities where sales stage is Closed Won" title=" Administrator - 5 opportunities where sales stage is Closed Won">
</map>