<img src="cache/images/3627837269_lead_source_by_outcome_en_us_693535944.png" border="0" usemap="#cache/images/3627837269_lead_source_by_outcome_en_us_693535944.png">
<map name="cache/images/3627837269_lead_source_by_outcome_en_us_693535944.png">
	<area shape="rect" coords="116,100,379,120" href="index.php?module=Potentials&action=ListView&leadsource=Existing+Customer&sales_stage=Other&query=true&type=dbrd&owner=Super User&viewname=10" alt="Super User - 2 opportunities where outcome is Other" title="Super User - 2 opportunities where outcome is Other">
	<area shape="rect" coords="116,222,335,242" href="index.php?module=Potentials&action=ListView&leadsource=Public+Relations&sales_stage=Other&query=true&type=dbrd&owner=Super User&viewname=10" alt="Super User - 1 opportunities where outcome is Other" title="Super User - 1 opportunities where outcome is Other">
	<area shape="rect" coords="116,283,445,302" href="index.php?module=Potentials&action=ListView&leadsource=Conference&sales_stage=Other&query=true&type=dbrd&owner=Super User&viewname=10" alt="Super User - 1 opportunities where outcome is Other" title="Super User - 1 opportunities where outcome is Other">
	<area shape="rect" coords="116,313,445,333" href="index.php?module=Potentials&action=ListView&leadsource=Trade+Show&sales_stage=Other&query=true&type=dbrd&owner=Super User&viewname=10" alt="Super User - 1 opportunities where outcome is Other" title="Super User - 1 opportunities where outcome is Other">
	<area shape="rect" coords="379,100,598,120" href="index.php?module=Potentials&action=ListView&leadsource=Existing+Customer&sales_stage=Closed+Won&query=true&type=dbrd&owner=Super User&viewname=10" alt="Super User - 1 opportunities where outcome is Closed Won" title="Super User - 1 opportunities where outcome is Closed Won">
	<area shape="rect" coords="116,131,445,151" href="index.php?module=Potentials&action=ListView&leadsource=Self+Generated&sales_stage=Closed+Won&query=true&type=dbrd&owner=Super User&viewname=10" alt="Super User - 1 opportunities where outcome is Closed Won" title="Super User - 1 opportunities where outcome is Closed Won">
	<area shape="rect" coords="116,252,488,272" href="index.php?module=Potentials&action=ListView&leadsource=Direct+Mail&sales_stage=Closed+Won&query=true&type=dbrd&owner=Super User&viewname=10" alt="Super User - 2 opportunities where outcome is Closed Won" title="Super User - 2 opportunities where outcome is Closed Won">
	<area shape="rect" coords="445,313,774,333" href="index.php?module=Potentials&action=ListView&leadsource=Trade+Show&sales_stage=Closed+Won&query=true&type=dbrd&owner=Super User&viewname=10" alt="Super User - 1 opportunities where outcome is Closed Won" title="Super User - 1 opportunities where outcome is Closed Won">
</map>